
  .   ____          _            __ _ _
 /\\ / ___'_ __ _ _(_)_ __  __ _ \ \ \ \
( ( )\___ | '_ | '_| | '_ \/ _` | \ \ \ \
 \\/  ___)| |_)| | | | | || (_| |  ) ) ) )
  '  |____| .__|_| |_|_| |_\__, | / / / /
 =========|_|==============|___/=/_/_/_/

 :: Spring Boot ::                (v3.3.5)

2026-08-02T19:14:58.840+08:00  INFO 38124 --- [2026_Silver_Residence] [           main] o.e.x._026_silver_residence.Application  : Starting Application v0.0.1-SNAPSHOT using Java 21.0.10 with PID 38124 (D:\XQYproject\2026_Silver_Residence\target\2026_Silver_Residence-0.0.1-SNAPSHOT.jar started by 徐淇源 in D:\XQYproject\2026_Silver_Residence)
2026-08-02T19:14:58.844+08:00  INFO 38124 --- [2026_Silver_Residence] [           main] o.e.x._026_silver_residence.Application  : No active profile set, falling back to 1 default profile: "default"
2026-08-02T19:14:59.924+08:00  INFO 38124 --- [2026_Silver_Residence] [           main] .s.d.r.c.RepositoryConfigurationDelegate : Bootstrapping Spring Data MongoDB repositories in DEFAULT mode.
2026-08-02T19:15:00.061+08:00  INFO 38124 --- [2026_Silver_Residence] [           main] .s.d.r.c.RepositoryConfigurationDelegate : Finished Spring Data repository scanning in 132 ms. Found 1 MongoDB repository interface.
2026-08-02T19:15:00.557+08:00  INFO 38124 --- [2026_Silver_Residence] [           main] o.s.b.w.embedded.tomcat.TomcatWebServer  : Tomcat initialized with port 18087 (http)
2026-08-02T19:15:00.562+08:00  INFO 38124 --- [2026_Silver_Residence] [           main] o.a.catalina.core.AprLifecycleListener   : An older version [1.3.1] of the Apache Tomcat Native library is installed, while Tomcat recommends a minimum version of [2.0.5]
2026-08-02T19:15:00.563+08:00  INFO 38124 --- [2026_Silver_Residence] [           main] o.a.catalina.core.AprLifecycleListener   : Loaded Apache Tomcat Native library [1.3.1] using APR version [1.7.4].
2026-08-02T19:15:00.566+08:00  INFO 38124 --- [2026_Silver_Residence] [           main] o.a.catalina.core.AprLifecycleListener   : OpenSSL successfully initialized [OpenSSL 3.0.14 4 Jun 2024]
2026-08-02T19:15:00.576+08:00  INFO 38124 --- [2026_Silver_Residence] [           main] o.apache.catalina.core.StandardService   : Starting service [Tomcat]
2026-08-02T19:15:00.576+08:00  INFO 38124 --- [2026_Silver_Residence] [           main] o.apache.catalina.core.StandardEngine    : Starting Servlet engine: [Apache Tomcat/10.1.31]
2026-08-02T19:15:00.611+08:00  INFO 38124 --- [2026_Silver_Residence] [           main] o.a.c.c.C.[Tomcat].[localhost].[/]       : Initializing Spring embedded WebApplicationContext
2026-08-02T19:15:00.612+08:00  INFO 38124 --- [2026_Silver_Residence] [           main] w.s.c.ServletWebServerApplicationContext : Root WebApplicationContext: initialization completed in 1725 ms
2026-08-02T19:15:01.687+08:00  INFO 38124 --- [2026_Silver_Residence] [           main] org.mongodb.driver.client                : MongoClient with metadata {"driver": {"name": "mongo-java-driver|sync|spring-boot", "version": "5.0.1"}, "os": {"type": "Windows", "name": "Windows 11", "architecture": "amd64", "version": "10.0"}, "platform": "Java/Oracle Corporation/21.0.10+8-LTS-217"} created with settings MongoClientSettings{readPreference=primary, writeConcern=WriteConcern{w=null, wTimeout=null ms, journal=null}, retryWrites=true, retryReads=true, readConcern=ReadConcern{level=null}, credential=null, transportSettings=null, commandListeners=[io.micrometer.core.instrument.binder.mongodb.MongoMetricsCommandListener@5bbf744b], codecRegistry=ProvidersCodecRegistry{codecProviders=[ValueCodecProvider{}, BsonValueCodecProvider{}, DBRefCodecProvider{}, DBObjectCodecProvider{}, DocumentCodecProvider{}, CollectionCodecProvider{}, IterableCodecProvider{}, MapCodecProvider{}, GeoJsonCodecProvider{}, GridFSFileCodecProvider{}, Jsr310CodecProvider{}, JsonObjectCodecProvider{}, BsonCodecProvider{}, EnumCodecProvider{}, com.mongodb.client.model.mql.ExpressionCodecProvider@3c3cd13a, com.mongodb.Jep395RecordCodecProvider@56b751b1, com.mongodb.KotlinCodecProvider@2f61de04]}, loggerSettings=LoggerSettings{maxDocumentLength=1000}, clusterSettings={hosts=[localhost:27017], srvServiceName=mongodb, mode=SINGLE, requiredClusterType=UNKNOWN, requiredReplicaSetName='null', serverSelector='null', clusterListeners='[]', serverSelectionTimeout='30000 ms', localThreshold='15 ms'}, socketSettings=SocketSettings{connectTimeoutMS=10000, readTimeoutMS=0, receiveBufferSize=0, proxySettings=ProxySettings{host=null, port=null, username=null, password=null}}, heartbeatSocketSettings=SocketSettings{connectTimeoutMS=10000, readTimeoutMS=10000, receiveBufferSize=0, proxySettings=ProxySettings{host=null, port=null, username=null, password=null}}, connectionPoolSettings=ConnectionPoolSettings{maxSize=100, minSize=0, maxWaitTimeMS=120000, maxConnectionLifeTimeMS=0, maxConnectionIdleTimeMS=0, maintenanceInitialDelayMS=0, maintenanceFrequencyMS=60000, connectionPoolListeners=[io.micrometer.core.instrument.binder.mongodb.MongoMetricsConnectionPoolListener@5daad59a], maxConnecting=2}, serverSettings=ServerSettings{heartbeatFrequencyMS=10000, minHeartbeatFrequencyMS=500, serverListeners='[]', serverMonitorListeners='[]'}, sslSettings=SslSettings{enabled=false, invalidHostNameAllowed=false, context=null}, applicationName='null', compressorList=[], uuidRepresentation=JAVA_LEGACY, serverApi=null, autoEncryptionSettings=null, dnsClient=null, inetAddressResolver=null, contextProvider=null}
2026-08-02T19:15:01.712+08:00  INFO 38124 --- [2026_Silver_Residence] [localhost:27017] org.mongodb.driver.cluster               : Monitor thread successfully connected to server with description ServerDescription{address=localhost:27017, type=STANDALONE, state=CONNECTED, ok=true, minWireVersion=0, maxWireVersion=27, maxDocumentSize=16777216, logicalSessionTimeoutMinutes=30, roundTripTimeNanos=19856500}
2026-08-02T19:15:02.048+08:00  INFO 38124 --- [2026_Silver_Residence] [           main] o.s.b.a.w.s.WelcomePageHandlerMapping    : Adding welcome page: class path resource [static/index.html]
2026-08-02T19:15:02.490+08:00  INFO 38124 --- [2026_Silver_Residence] [           main] o.s.b.a.e.web.EndpointLinksResolver      : Exposing 1 endpoint beneath base path '/actuator'
2026-08-02T19:15:02.793+08:00  INFO 38124 --- [2026_Silver_Residence] [           main] o.s.b.w.embedded.tomcat.TomcatWebServer  : Tomcat started on port 18087 (http) with context path '/'
2026-08-02T19:15:02.805+08:00  INFO 38124 --- [2026_Silver_Residence] [           main] o.e.x._026_silver_residence.Application  : Started Application in 4.349 seconds (process running for 4.85)
2026-08-02T19:16:23.504+08:00  INFO 38124 --- [2026_Silver_Residence] [io-18087-exec-1] o.a.c.c.C.[Tomcat].[localhost].[/]       : Initializing Spring DispatcherServlet 'dispatcherServlet'
2026-08-02T19:16:23.505+08:00  INFO 38124 --- [2026_Silver_Residence] [io-18087-exec-1] o.s.web.servlet.DispatcherServlet        : Initializing Servlet 'dispatcherServlet'
2026-08-02T19:16:23.506+08:00  INFO 38124 --- [2026_Silver_Residence] [io-18087-exec-1] o.s.web.servlet.DispatcherServlet        : Completed initialization in 1 ms
2026-08-02T19:16:23.718+08:00  INFO 38124 --- [2026_Silver_Residence] [io-18087-exec-3] o.e.x._.controller.UserController        : 用户登录 username=codex_spring_20260802_1602
2026-08-02T19:16:23.853+08:00  INFO 38124 --- [2026_Silver_Residence] [io-18087-exec-4] o.e.x._.controller.UserController        : 用户登录 username=codex_spring_20260802_1602
2026-08-02T19:16:23.935+08:00  INFO 38124 --- [2026_Silver_Residence] [io-18087-exec-6] o.e.x._.controller.UserController        : 用户注册 username=codex_spring_20260802_1602
